C51 COMPILER V9.57.0.0   TSTRING                                                           05/04/2021 14:02:51 PAGE 1   


C51 COMPILER V9.57.0.0, COMPILATION OF MODULE TSTRING
OBJECT MODULE PLACED IN .\Objects\tstring.obj
COMPILER INVOKED BY: C:\Keil_v5\C51\BIN\C51.EXE Sources\tstring.c LARGE OPTIMIZE(8,SPEED) BROWSE DEBUG OBJECTEXTEND PRIN
                    -T(.\Listings\tstring.lst) TABS(2) OBJECT(.\Objects\tstring.obj)

line level    source

   1          #include "tstring.h"
   2          
   3          void t_strcpy(uint8_t *dest, uint8_t *src, uint16_t len){
   4   1        int i;
   5   1        for (i = 0; i< len; i++){
   6   2          dest[i] = src[i];
   7   2        }
   8   1        return;
   9   1      }


MODULE INFORMATION:   STATIC OVERLAYABLE
   CODE SIZE        =     73    ----
   CONSTANT SIZE    =   ----    ----
   XDATA SIZE       =   ----       8
   PDATA SIZE       =   ----    ----
   DATA SIZE        =   ----    ----
   IDATA SIZE       =   ----    ----
   BIT SIZE         =   ----    ----
END OF MODULE INFORMATION.


C51 COMPILATION COMPLETE.  0 WARNING(S),  0 ERROR(S)
